Archive member included to satisfy reference by file (symbol)

c:/program files (x86)/atollic/truestudio for stm32 9.3.0/armtools/bin/../lib/gcc/arm-atollic-eabi/6.3.1/../../../../arm-atollic-eabi/lib/armv7e-m/fpu\libc_nano.a(lib_a-errno.o)
                              Src\syscalls.o (__errno)
c:/program files (x86)/atollic/truestudio for stm32 9.3.0/armtools/bin/../lib/gcc/arm-atollic-eabi/6.3.1/../../../../arm-atollic-eabi/lib/armv7e-m/fpu\libc_nano.a(lib_a-impure.o)
                              c:/program files (x86)/atollic/truestudio for stm32 9.3.0/armtools/bin/../lib/gcc/arm-atollic-eabi/6.3.1/../../../../arm-atollic-eabi/lib/armv7e-m/fpu\libc_nano.a(lib_a-errno.o) (_impure_ptr)
c:/program files (x86)/atollic/truestudio for stm32 9.3.0/armtools/bin/../lib/gcc/arm-atollic-eabi/6.3.1/../../../../arm-atollic-eabi/lib/armv7e-m/fpu\libc_nano.a(lib_a-init.o)
                              startup\startup_stm32f401xe.o (__libc_init_array)
c:/program files (x86)/atollic/truestudio for stm32 9.3.0/armtools/bin/../lib/gcc/arm-atollic-eabi/6.3.1/../../../../arm-atollic-eabi/lib/armv7e-m/fpu\libc_nano.a(lib_a-memcpy-stub.o)
                              Middlewares\Third_Party\FreeRTOS\Source\queue.o (memcpy)
c:/program files (x86)/atollic/truestudio for stm32 9.3.0/armtools/bin/../lib/gcc/arm-atollic-eabi/6.3.1/../../../../arm-atollic-eabi/lib/armv7e-m/fpu\libc_nano.a(lib_a-memset.o)
                              Middlewares\Third_Party\FreeRTOS\Source\stream_buffer.o (memset)
c:/program files (x86)/atollic/truestudio for stm32 9.3.0/armtools/bin/../lib/gcc/arm-atollic-eabi/6.3.1/../../../../arm-atollic-eabi/lib/armv7e-m/fpu\libc_nano.a(lib_a-sprintf.o)
                              Src\main.o (sprintf)
c:/program files (x86)/atollic/truestudio for stm32 9.3.0/armtools/bin/../lib/gcc/arm-atollic-eabi/6.3.1/../../../../arm-atollic-eabi/lib/armv7e-m/fpu\libc_nano.a(lib_a-strcpy.o)
                              Src\main.o (strcpy)
c:/program files (x86)/atollic/truestudio for stm32 9.3.0/armtools/bin/../lib/gcc/arm-atollic-eabi/6.3.1/../../../../arm-atollic-eabi/lib/armv7e-m/fpu\libc_nano.a(lib_a-strlen.o)
                              Src\main.o (strlen)
c:/program files (x86)/atollic/truestudio for stm32 9.3.0/armtools/bin/../lib/gcc/arm-atollic-eabi/6.3.1/../../../../arm-atollic-eabi/lib/armv7e-m/fpu\libc_nano.a(lib_a-nano-svfprintf.o)
                              c:/program files (x86)/atollic/truestudio for stm32 9.3.0/armtools/bin/../lib/gcc/arm-atollic-eabi/6.3.1/../../../../arm-atollic-eabi/lib/armv7e-m/fpu\libc_nano.a(lib_a-sprintf.o) (_svfprintf_r)
c:/program files (x86)/atollic/truestudio for stm32 9.3.0/armtools/bin/../lib/gcc/arm-atollic-eabi/6.3.1/../../../../arm-atollic-eabi/lib/armv7e-m/fpu\libc_nano.a(lib_a-nano-vfprintf_i.o)
                              c:/program files (x86)/atollic/truestudio for stm32 9.3.0/armtools/bin/../lib/gcc/arm-atollic-eabi/6.3.1/../../../../arm-atollic-eabi/lib/armv7e-m/fpu\libc_nano.a(lib_a-nano-svfprintf.o) (_printf_i)
c:/program files (x86)/atollic/truestudio for stm32 9.3.0/armtools/bin/../lib/gcc/arm-atollic-eabi/6.3.1/../../../../arm-atollic-eabi/lib/armv7e-m/fpu\libc_nano.a(lib_a-memchr.o)
                              c:/program files (x86)/atollic/truestudio for stm32 9.3.0/armtools/bin/../lib/gcc/arm-atollic-eabi/6.3.1/../../../../arm-atollic-eabi/lib/armv7e-m/fpu\libc_nano.a(lib_a-nano-svfprintf.o) (memchr)
c:/program files (x86)/atollic/truestudio for stm32 9.3.0/armtools/bin/../lib/gcc/arm-atollic-eabi/6.3.1/../../../../arm-atollic-eabi/lib/armv7e-m/fpu\libc_nano.a(lib_a-memmove.o)
                              c:/program files (x86)/atollic/truestudio for stm32 9.3.0/armtools/bin/../lib/gcc/arm-atollic-eabi/6.3.1/../../../../arm-atollic-eabi/lib/armv7e-m/fpu\libc_nano.a(lib_a-nano-svfprintf.o) (memmove)
c:/program files (x86)/atollic/truestudio for stm32 9.3.0/armtools/bin/../lib/gcc/arm-atollic-eabi/6.3.1/../../../../arm-atollic-eabi/lib/armv7e-m/fpu\libc_nano.a(lib_a-nano-freer.o)
                              c:/program files (x86)/atollic/truestudio for stm32 9.3.0/armtools/bin/../lib/gcc/arm-atollic-eabi/6.3.1/../../../../arm-atollic-eabi/lib/armv7e-m/fpu\libc_nano.a(lib_a-nano-svfprintf.o) (_free_r)
c:/program files (x86)/atollic/truestudio for stm32 9.3.0/armtools/bin/../lib/gcc/arm-atollic-eabi/6.3.1/../../../../arm-atollic-eabi/lib/armv7e-m/fpu\libc_nano.a(lib_a-nano-mallocr.o)
                              c:/program files (x86)/atollic/truestudio for stm32 9.3.0/armtools/bin/../lib/gcc/arm-atollic-eabi/6.3.1/../../../../arm-atollic-eabi/lib/armv7e-m/fpu\libc_nano.a(lib_a-nano-svfprintf.o) (_malloc_r)
c:/program files (x86)/atollic/truestudio for stm32 9.3.0/armtools/bin/../lib/gcc/arm-atollic-eabi/6.3.1/../../../../arm-atollic-eabi/lib/armv7e-m/fpu\libc_nano.a(lib_a-nano-reallocr.o)
[...]
Memory Configuration

Name             Origin             Length             Attributes
FLASH            0x08000000         0x00080000         xr
RAM              0x20000000         0x00018000         xrw
MEMORY_B1        0x60000000         0x00000000         xr
CCMRAM           0x10000000         0x00010000         rw
*default*        0x00000000         0xffffffff

Linker script and memory map

LOAD c:/program files (x86)/atollic/truestudio for stm32 9.3.0/armtools/bin/../lib/gcc/arm-atollic-eabi/6.3.1/armv7e-m/fpu/crti.o
LOAD c:/program files (x86)/atollic/truestudio for stm32 9.3.0/armtools/bin/../lib/gcc/arm-atollic-eabi/6.3.1/armv7e-m/fpu/crtbegin.o
LOAD Drivers\STM32F4xx_HAL_Driver\Src\stm32f4xx_hal.o
LOAD Drivers\STM32F4xx_HAL_Driver\Src\stm32f4xx_hal_cortex.o
LOAD Drivers\STM32F4xx_HAL_Driver\Src\stm32f4xx_hal_dma.o
LOAD Drivers\STM32F4xx_HAL_Driver\Src\stm32f4xx_hal_dma_ex.o
LOAD Drivers\STM32F4xx_HAL_Driver\Src\stm32f4xx_hal_exti.o
LOAD Drivers\STM32F4xx_HAL_Driver\Src\stm32f4xx_hal_flash.o
LOAD Drivers\STM32F4xx_HAL_Driver\Src\stm32f4xx_hal_flash_ex.o
LOAD Drivers\STM32F4xx_HAL_Driver\Src\stm32f4xx_hal_flash_ramfunc.o
LOAD Drivers\STM32F4xx_HAL_Driver\Src\stm32f4xx_hal_gpio.o
LOAD Drivers\STM32F4xx_HAL_Driver\Src\stm32f4xx_hal_pwr.o
LOAD Drivers\STM32F4xx_HAL_Driver\Src\stm32f4xx_hal_pwr_ex.o
LOAD Drivers\STM32F4xx_HAL_Driver\Src\stm32f4xx_hal_rcc.o
LOAD Drivers\STM32F4xx_HAL_Driver\Src\stm32f4xx_hal_rcc_ex.o
LOAD Drivers\STM32F4xx_HAL_Driver\Src\stm32f4xx_hal_tim.o
LOAD Drivers\STM32F4xx_HAL_Driver\Src\stm32f4xx_hal_tim_ex.o
LOAD Drivers\STM32F4xx_HAL_Driver\Src\stm32f4xx_hal_uart.o
LOAD Middlewares\Third_Party\FreeRTOS\Source\CMSIS_RTOS\cmsis_os.o
LOAD Middlewares\Third_Party\FreeRTOS\Source\croutine.o
LOAD Middlewares\Third_Party\FreeRTOS\Source\event_groups.o
LOAD Middlewares\Third_Party\FreeRTOS\Source\list.o
LOAD Middlewares\Third_Party\FreeRTOS\Source\portable\GCC\ARM_CM4F\port.o
LOAD Middlewares\Third_Party\FreeRTOS\Source\portable\MemMang\heap_4.o
LOAD Middlewares\Third_Party\FreeRTOS\Source\queue.o
LOAD Middlewares\Third_Party\FreeRTOS\Source\stream_buffer.o
LOAD Middlewares\Third_Party\FreeRTOS\Source\tasks.o
LOAD Middlewares\Third_Party\FreeRTOS\Source\timers.o
LOAD Src\freertos.o
LOAD Src\main.o
LOAD Src\stm32f4xx_hal_msp.o
LOAD Src\stm32f4xx_hal_timebase_tim.o
LOAD Src\stm32f4xx_it.o
LOAD Src\syscalls.o
LOAD Src\system_stm32f4xx.o
LOAD startup\startup_stm32f401xe.o
                0x00000080                malloc_getpagesize_P = 0x80
START GROUP
LOAD c:/program files (x86)/atollic/truestudio for stm32 9.3.0/armtools/bin/../lib/gcc/arm-atollic-eabi/6.3.1/../../../../arm-atollic-eabi/lib/armv7e-m/fpu\libc_nano.a
LOAD c:/program files (x86)/atollic/truestudio for stm32 9.3.0/armtools/bin/../lib/gcc/arm-atollic-eabi/6.3.1/../../../../arm-atollic-eabi/lib/armv7e-m/fpu\libm.a
END GROUP
START GROUP
LOAD c:/program files (x86)/atollic/truestudio for stm32 9.3.0/armtools/bin/../lib/gcc/arm-atollic-eabi/6.3.1/armv7e-m/fpu\libgcc.a
LOAD c:/program files (x86)/atollic/truestudio for stm32 9.3.0/armtools/bin/../lib/gcc/arm-atollic-eabi/6.3.1/../../../../arm-atollic-eabi/lib/armv7e-m/fpu\libc_nano.a
END GROUP
START GROUP
LOAD c:/program files (x86)/atollic/truestudio for stm32 9.3.0/armtools/bin/../lib/gcc/arm-atollic-eabi/6.3.1/armv7e-m/fpu\libgcc.a
LOAD c:/program files (x86)/atollic/truestudio for stm32 9.3.0/armtools/bin/../lib/gcc/arm-atollic-eabi/6.3.1/../../../../arm-atollic-eabi/lib/armv7e-m/fpu\libc_nano.a
LOAD c:/program files (x86)/atollic/truestudio for stm32 9.3.0/armtools/bin/../lib/gcc/arm-atollic-eabi/6.3.1/../../../../arm-atollic-eabi/lib/armv7e-m/fpu\libnosys.a
END GROUP
START GROUP
LOAD c:/program files (x86)/atollic/truestudio for stm32 9.3.0/armtools/bin/../lib/gcc/arm-atollic-eabi/6.3.1/armv7e-m/fpu\libgcc.a
LOAD c:/program files (x86)/atollic/truestudio for stm32 9.3.0/armtools/bin/../lib/gcc/arm-atollic-eabi/6.3.1/../../../../arm-atollic-eabi/lib/armv7e-m/fpu\libc_nano.a
LOAD c:/program files (x86)/atollic/truestudio for stm32 9.3.0/armtools/bin/../lib/gcc/arm-atollic-eabi/6.3.1/../../../../arm-atollic-eabi/lib/armv7e-m/fpu\libnosys.a
END GROUP
LOAD c:/program files (x86)/atollic/truestudio for stm32 9.3.0/armtools/bin/../lib/gcc/arm-atollic-eabi/6.3.1/armv7e-m/fpu/crtend.o
LOAD c:/program files (x86)/atollic/truestudio for stm32 9.3.0/armtools/bin/../lib/gcc/arm-atollic-eabi/6.3.1/armv7e-m/fpu/crtn.o
                0x20018000                _estack = 0x20018000
                0x00000000                _Min_Heap_Size = 0x0
                0x00000400                _Min_Stack_Size = 0x400

.isr_vector     0x08000000      0x194
                0x08000000                . = ALIGN (0x4)
 *(.isr_vector)
 .isr_vector    0x08000000      0x194 startup\startup_stm32f401xe.o
                0x08000000                g_pfnVectors
                0x08000194                . = ALIGN (0x4)

.text           0x080001a0     0x2e64
                0x080001a0                . = ALIGN (0x4)
 *(.text)
 .text          0x080001a0       0x40 c:/program files (x86)/atollic/truestudio for stm32 9.3.0/armtools/bin/../lib/gcc/arm-atollic-eabi/6.3.1/armv7e-m/fpu/crtbegin.o
 .text          0x080001e0       0x10 c:/program files (x86)/atollic/truestudio for stm32 9.3.0/armtools/bin/../lib/gcc/arm-atollic-eabi/6.3.1/../../../../arm-atollic-eabi/lib/armv7e-m/fpu\libc_nano.a(lib_a-strlen.o)
                0x080001e0                strlen
 .text          0x080001f0       0xa0 c:/program files (x86)/atollic/truestudio for stm32 9.3.0/armtools/bin/../lib/gcc/arm-atollic-eabi/6.3.1/../../../../arm-atollic-eabi/lib/armv7e-m/fpu\libc_nano.a(lib_a-memchr.o)
                0x080001f0                memchr
 .text          0x08000290       0x30 c:/program files (x86)/atollic/truestudio for stm32 9.3.0/armtools/bin/../lib/gcc/arm-atollic-eabi/6.3.1/armv7e-m/fpu\libgcc.a(_aeabi_uldivmod.o)
                0x08000290                __aeabi_uldivmod
 .text          0x080002c0      0x2dc c:/program files (x86)/atollic/truestudio for stm32 9.3.0/armtools/bin/../lib/gcc/arm-atollic-eabi/6.3.1/armv7e-m/fpu\libgcc.a(_udivmoddi4.o)
                0x080002c0                __udivmoddi4
 .text          0x0800059c        0x4 c:/program files (x86)/atollic/truestudio for stm32 9.3.0/armtools/bin/../lib/gcc/arm-atollic-eabi/6.3.1/armv7e-m/fpu\libgcc.a(_dvmd_tls.o)
                0x0800059c                __aeabi_idiv0
                0x0800059c                __aeabi_ldiv0
 *(.text*)
 .text.HAL_Init
                0x080005a0       0x34 Drivers\STM32F4xx_HAL_Driver\Src\stm32f4xx_hal.o
                0x080005a0                HAL_Init
 .text.HAL_IncTick
                0x080005d4       0x18 Drivers\STM32F4xx_HAL_Driver\Src\stm32f4xx_hal.o
                0x080005d4                HAL_IncTick
 .text.HAL_GetTick
                0x080005ec        0xc Drivers\STM32F4xx_HAL_Driver\Src\stm32f4xx_hal.o
                0x080005ec                HAL_GetTick
 .text.HAL_NVIC_SetPriorityGrouping
                0x080005f8       0x24 Drivers\STM32F4xx_HAL_Driver\Src\stm32f4xx_hal_cortex.o
                0x080005f8                HAL_NVIC_SetPriorityGrouping
 .text.HAL_NVIC_SetPriority
                0x0800061c       0x68 Drivers\STM32F4xx_HAL_Driver\Src\stm32f4xx_hal_cortex.o
                0x0800061c                HAL_NVIC_SetPriority
 .text.HAL_NVIC_EnableIRQ
                0x08000684       0x1c Drivers\STM32F4xx_HAL_Driver\Src\stm32f4xx_hal_cortex.o
                0x08000684                HAL_NVIC_EnableIRQ
 .text.HAL_GPIO_Init
                0x080006a0      0x19c Drivers\STM32F4xx_HAL_Driver\Src\stm32f4xx_hal_gpio.o
                0x080006a0                HAL_GPIO_Init
 .text.HAL_GPIO_ReadPin
                0x0800083c        0xc Drivers\STM32F4xx_HAL_Driver\Src\stm32f4xx_hal_gpio.o
                0x0800083c                HAL_GPIO_ReadPin
 .text.HAL_GPIO_WritePin
                0x08000848        0xa Drivers\STM32F4xx_HAL_Driver\Src\stm32f4xx_hal_gpio.o
                0x08000848                HAL_GPIO_WritePin
 *fill*         0x08000852        0x2 
 .text.HAL_RCC_OscConfig
                0x08000854      0x34c Drivers\STM32F4xx_HAL_Driver\Src\stm32f4xx_hal_rcc.o
                0x08000854                HAL_RCC_OscConfig
 .text.HAL_RCC_GetSysClockFreq
                0x08000ba0       0x5c Drivers\STM32F4xx_HAL_Driver\Src\stm32f4xx_hal_rcc.o
                0x08000ba0                HAL_RCC_GetSysClockFreq
 .text.HAL_RCC_ClockConfig
                0x08000bfc      0x138 Drivers\STM32F4xx_HAL_Driver\Src\stm32f4xx_hal_rcc.o
                0x08000bfc                HAL_RCC_ClockConfig
 .text.HAL_RCC_GetPCLK1Freq
                0x08000d34       0x20 Drivers\STM32F4xx_HAL_Driver\Src\stm32f4xx_hal_rcc.o
                0x08000d34                HAL_RCC_GetPCLK1Freq
 .text.HAL_RCC_GetPCLK2Freq
                0x08000d54       0x20 Drivers\STM32F4xx_HAL_Driver\Src\stm32f4xx_hal_rcc.o
                0x08000d54                HAL_RCC_GetPCLK2Freq
 .text.HAL_RCC_GetClockConfig
                0x08000d74       0x3c Drivers\STM32F4xx_HAL_Driver\Src\stm32f4xx_hal_rcc.o
                0x08000d74                HAL_RCC_GetClockConfig
 .text.HAL_TIM_Base_Start
                0x08000db0       0x24 Drivers\STM32F4xx_HAL_Driver\Src\stm32f4xx_hal_tim.o
                0x08000db0                HAL_TIM_Base_Start
 .text.HAL_TIM_Base_Start_IT
                0x08000dd4       0x20 Drivers\STM32F4xx_HAL_Driver\Src\stm32f4xx_hal_tim.o
                0x08000dd4                HAL_TIM_Base_Start_IT
 .text.HAL_TIM_OC_DelayElapsedCallback
                0x08000df4        0x2 Drivers\STM32F4xx_HAL_Driver\Src\stm32f4xx_hal_tim.o
                0x08000df4                HAL_TIM_OC_DelayElapsedCallback
 .text.HAL_TIM_IC_CaptureCallback
                0x08000df6        0x2 Drivers\STM32F4xx_HAL_Driver\Src\stm32f4xx_hal_tim.o
                0x08000df6                HAL_TIM_IC_CaptureCallback
 .text.HAL_TIM_PWM_PulseFinishedCallback
                0x08000df8        0x2 Drivers\STM32F4xx_HAL_Driver\Src\stm32f4xx_hal_tim.o
                0x08000df8                HAL_TIM_PWM_PulseFinishedCallback
 .text.HAL_TIM_TriggerCallback
                0x08000dfa        0x2 Drivers\STM32F4xx_HAL_Driver\Src\stm32f4xx_hal_tim.o
                0x08000dfa                HAL_TIM_TriggerCallback
 .text.HAL_TIM_IRQHandler
                0x08000dfc      0x144 Drivers\STM32F4xx_HAL_Driver\Src\stm32f4xx_hal_tim.o
                0x08000dfc                HAL_TIM_IRQHandler
 .text.TIM_Base_SetConfig
                0x08000f40       0x9c Drivers\STM32F4xx_HAL_Driver\Src\stm32f4xx_hal_tim.o
                0x08000f40                TIM_Base_SetConfig
 .text.HAL_TIM_Base_Init
                0x08000fdc       0x34 Drivers\STM32F4xx_HAL_Driver\Src\stm32f4xx_hal_tim.o
                0x08000fdc                HAL_TIM_Base_Init
 .text.TIM_ETR_SetConfig
                0x08001010       0x14 Drivers\STM32F4xx_HAL_Driver\Src\stm32f4xx_hal_tim.o
                0x08001010                TIM_ETR_SetConfig
 .text.HAL_TIM_ConfigClockSource
                0x08001024      0x128 Drivers\STM32F4xx_HAL_Driver\Src\stm32f4xx_hal_tim.o
                0x08001024                HAL_TIM_ConfigClockSource
 .text.HAL_TIMEx_MasterConfigSynchronization
                0x0800114c       0x74 Drivers\STM32F4xx_HAL_Driver\Src\stm32f4xx_hal_tim_ex.o
                0x0800114c                HAL_TIMEx_MasterConfigSynchronization
 .text.HAL_TIMEx_CommutCallback
                0x080011c0        0x2 Drivers\STM32F4xx_HAL_Driver\Src\stm32f4xx_hal_tim_ex.o
                0x080011c0                HAL_TIMEx_CommutCallback
 .text.HAL_TIMEx_BreakCallback
                0x080011c2        0x2 Drivers\STM32F4xx_HAL_Driver\Src\stm32f4xx_hal_tim_ex.o
                0x080011c2                HAL_TIMEx_BreakCallback
 .text.UART_SetConfig
                0x080011c4       0xdc Drivers\STM32F4xx_HAL_Driver\Src\stm32f4xx_hal_uart.o
 .text.UART_WaitOnFlagUntilTimeout.constprop.3
                0x080012a0       0x50 Drivers\STM32F4xx_HAL_Driver\Src\stm32f4xx_hal_uart.o
 .text.HAL_UART_Init
                0x080012f0       0x5c Drivers\STM32F4xx_HAL_Driver\Src\stm32f4xx_hal_uart.o
                0x080012f0                HAL_UART_Init
 .text.HAL_UART_Transmit
                0x0800134c       0xbe Drivers\STM32F4xx_HAL_Driver\Src\stm32f4xx_hal_uart.o
                0x0800134c                HAL_UART_Transmit
 .text.osKernelStart
                0x0800140a        0xa Middlewares\Third_Party\FreeRTOS\Source\CMSIS_RTOS\cmsis_os.o
                0x0800140a                osKernelStart
 .text.osThreadCreate
                0x08001414       0x50 Middlewares\Third_Party\FreeRTOS\Source\CMSIS_RTOS\cmsis_os.o
                0x08001414                osThreadCreate
 .text.osDelay  0x08001464       0x10 Middlewares\Third_Party\FreeRTOS\Source\CMSIS_RTOS\cmsis_os.o
                0x08001464                osDelay
 .text.vListInitialise
                0x08001474       0x16 Middlewares\Third_Party\FreeRTOS\Source\list.o
                0x08001474                vListInitialise
 .text.vListInitialiseItem
                0x0800148a        0x6 Middlewares\Third_Party\FreeRTOS\Source\list.o
                0x0800148a                vListInitialiseItem
 .text.vListInsertEnd
                0x08001490       0x18 Middlewares\Third_Party\FreeRTOS\Source\list.o
                0x08001490                vListInsertEnd
 .text.vListInsert
                0x080014a8       0x2e Middlewares\Third_Party\FreeRTOS\Source\list.o
                0x080014a8                vListInsert
 .text.uxListRemove
                0x080014d6       0x22 Middlewares\Third_Party\FreeRTOS\Source\list.o
                0x080014d6                uxListRemove
 .text.prvTaskExitError
                0x080014f8       0x40 Middlewares\Third_Party\FreeRTOS\Source\portable\GCC\ARM_CM4F\port.o
 .text.unlikely.prvPortStartFirstTask
                0x08001538       0x28 Middlewares\Third_Party\FreeRTOS\Source\portable\GCC\ARM_CM4F\port.o
 .text.unlikely.vPortEnableVFP
                0x08001560       0x14 Middlewares\Third_Party\FreeRTOS\Source\portable\GCC\ARM_CM4F\port.o
 .text.pxPortInitialiseStack
                0x08001574       0x2c Middlewares\Third_Party\FreeRTOS\Source\portable\GCC\ARM_CM4F\port.o
                0x08001574                pxPortInitialiseStack
 .text.SVC_Handler
                0x080015a0       0x24 Middlewares\Third_Party\FreeRTOS\Source\portable\GCC\ARM_CM4F\port.o
                0x080015a0                SVC_Handler
 .text.vPortEnterCritical
                0x080015c4       0x44 Middlewares\Third_Party\FreeRTOS\Source\portable\GCC\ARM_CM4F\port.o
                0x080015c4                vPortEnterCritical
 .text.vPortExitCritical
                0x08001608       0x28 Middlewares\Third_Party\FreeRTOS\Source\portable\GCC\ARM_CM4F\port.o
                0x08001608                vPortExitCritical
 .text.PendSV_Handler
                0x08001630       0x64 Middlewares\Third_Party\FreeRTOS\Source\portable\GCC\ARM_CM4F\port.o
                0x08001630                PendSV_Handler
 .text.SysTick_Handler
                0x08001694       0x2c Middlewares\Third_Party\FreeRTOS\Source\portable\GCC\ARM_CM4F\port.o
                0x08001694                SysTick_Handler
 .text.vPortSetupTimerInterrupt
                0x080016c0       0x34 Middlewares\Third_Party\FreeRTOS\Source\portable\GCC\ARM_CM4F\port.o
                0x080016c0                vPortSetupTimerInterrupt
 .text.xPortStartScheduler
                0x080016f4      0x10c Middlewares\Third_Party\FreeRTOS\Source\portable\GCC\ARM_CM4F\port.o
                0x080016f4                xPortStartScheduler
 .text.unlikely.prvInsertBlockIntoFreeList
                0x08001800       0x48 Middlewares\Third_Party\FreeRTOS\Source\portable\MemMang\heap_4.o
 .text.pvPortMalloc
                0x08001848      0x11c Middlewares\Third_Party\FreeRTOS\Source\portable\MemMang\heap_4.o
                0x08001848                pvPortMalloc
 .text.vPortFree
                0x08001964       0x70 Middlewares\Third_Party\FreeRTOS\Source\portable\MemMang\heap_4.o
                0x08001964                vPortFree
 .text.prvAddNewTaskToReadyList
                0x080019d4       0xf8 Middlewares\Third_Party\FreeRTOS\Source\tasks.o
 .text.prvResetNextTaskUnblockTime
                0x08001acc       0x24 Middlewares\Third_Party\FreeRTOS\Source\tasks.o
 .text.prvInitialiseNewTask.isra.2
                0x08001af0       0x82 Middlewares\Third_Party\FreeRTOS\Source\tasks.o
 .text.prvDeleteTCB
                0x08001b72       0x36 Middlewares\Third_Party\FreeRTOS\Source\tasks.o
 .text.prvIdleTask
                0x08001ba8       0x64 Middlewares\Third_Party\FreeRTOS\Source\tasks.o
 .text.prvAddCurrentTaskToDelayedList
                0x08001c0c       0x8c Middlewares\Third_Party\FreeRTOS\Source\tasks.o
 .text.xTaskCreateStatic
                0x08001c98       0x6e Middlewares\Third_Party\FreeRTOS\Source\tasks.o
                0x08001c98                xTaskCreateStatic
 .text.xTaskCreate
                0x08001d06       0x5a Middlewares\Third_Party\FreeRTOS\Source\tasks.o
                0x08001d06                xTaskCreate
 .text.vTaskStartScheduler
                0x08001d60       0x6c Middlewares\Third_Party\FreeRTOS\Source\tasks.o
                0x08001d60                vTaskStartScheduler
 .text.vTaskSuspendAll
                0x08001dcc       0x10 Middlewares\Third_Party\FreeRTOS\Source\tasks.o
                0x08001dcc                vTaskSuspendAll
 .text.xTaskIncrementTick
                0x08001ddc      0x124 Middlewares\Third_Party\FreeRTOS\Source\tasks.o
                0x08001ddc                xTaskIncrementTick
 .text.xTaskResumeAll
                0x08001f00       0xf0 Middlewares\Third_Party\FreeRTOS\Source\tasks.o
                0x08001f00                xTaskResumeAll
 .text.vTaskDelay
                0x08001ff0       0x48 Middlewares\Third_Party\FreeRTOS\Source\tasks.o
                0x08001ff0                vTaskDelay
 .text.vTaskSwitchContext
                0x08002038       0x74 Middlewares\Third_Party\FreeRTOS\Source\tasks.o
                0x08002038                vTaskSwitchContext
 .text.vApplicationGetIdleTaskMemory
                0x080020ac       0x18 Src\freertos.o
                0x080020ac                vApplicationGetIdleTaskMemory
 .text.StartDefaultTask
                0x080020c4        0xa Src\main.o
                0x080020c4                StartDefaultTask
 .text.Set_Pin_Output
                0x080020ce       0x24 Src\main.o
                0x080020ce                Set_Pin_Output
 .text.Set_Pin_Input
                0x080020f2       0x24 Src\main.o
                0x080020f2                Set_Pin_Input
 *fill*         0x08002116        0x2 
 .text.delay    0x08002118       0x14 Src\main.o
                0x08002118                delay
 .text.DHT11_Start
                0x0800212c       0x48 Src\main.o
                0x0800212c                DHT11_Start
 .text.DHT11_Check_Response
                0x08002174       0x48 Src\main.o
                0x08002174                DHT11_Check_Response
 .text.DHT11_Read
                0x080021bc       0x54 Src\main.o
                0x080021bc                DHT11_Read
 .text.StartTask02
                0x08002210       0xcc Src\main.o
                0x08002210                StartTask02
 .text.SystemClock_Config
                0x080022dc       0x98 Src\main.o
                0x080022dc                SystemClock_Config
 .text.startup.main
                0x08002374      0x1a0 Src\main.o
                0x08002374                main
 .text.HAL_TIM_PeriodElapsedCallback
                0x08002514       0x14 Src\main.o
                0x08002514                HAL_TIM_PeriodElapsedCallback
 .text.HAL_MspInit
                0x08002528       0x44 Src\stm32f4xx_hal_msp.o
                0x08002528                HAL_MspInit
 .text.HAL_TIM_Base_MspInit
                0x0800256c       0x30 Src\stm32f4xx_hal_msp.o
                0x0800256c                HAL_TIM_Base_MspInit
 .text.HAL_UART_MspInit
                0x0800259c       0x68 Src\stm32f4xx_hal_msp.o
                0x0800259c                HAL_UART_MspInit
 .text.HAL_InitTick
                0x08002604       0x7c Src\stm32f4xx_hal_timebase_tim.o
                0x08002604                HAL_InitTick
 .text.NMI_Handler
                0x08002680        0x2 Src\stm32f4xx_it.o
                0x08002680                NMI_Handler
 .text.HardFault_Handler
                0x08002682        0x2 Src\stm32f4xx_it.o
                0x08002682                HardFault_Handler
 .text.MemManage_Handler
                0x08002684        0x2 Src\stm32f4xx_it.o
                0x08002684                MemManage_Handler
 .text.BusFault_Handler
                0x08002686        0x2 Src\stm32f4xx_it.o
                0x08002686                BusFault_Handler
 .text.UsageFault_Handler
                0x08002688        0x2 Src\stm32f4xx_it.o
                0x08002688                UsageFault_Handler
 .text.DebugMon_Handler
                0x0800268a        0x2 Src\stm32f4xx_it.o
                0x0800268a                DebugMon_Handler
 .text.TIM4_IRQHandler
                0x0800268c        0xc Src\stm32f4xx_it.o
                0x0800268c                TIM4_IRQHandler
 .text._sbrk    0x08002698       0x34 Src\syscalls.o
                0x08002698                _sbrk
 .text.SystemInit
                0x080026cc       0x1c Src\system_stm32f4xx.o
                0x080026cc                SystemInit
 .text.Reset_Handler
                0x080026e8       0x50 startup\startup_stm32f401xe.o
                0x080026e8                Reset_Handler
 .text.Default_Handler
                0x08002738        0x2 startup\startup_stm32f401xe.o
                0x08002738                RTC_Alarm_IRQHandler
                0x08002738                EXTI2_IRQHandler
                0x08002738                SPI4_IRQHandler
                0x08002738                TIM1_CC_IRQHandler
                0x08002738                DMA2_Stream5_IRQHandler
                0x08002738                DMA1_Stream5_IRQHandler
                0x08002738                PVD_IRQHandler
                0x08002738                SDIO_IRQHandler
                0x08002738                TAMP_STAMP_IRQHandler
                0x08002738                EXTI3_IRQHandler
                0x08002738                TIM1_UP_TIM10_IRQHandler
                0x08002738                I2C3_ER_IRQHandler
                0x08002738                EXTI0_IRQHandler
                0x08002738                I2C2_EV_IRQHandler
                0x08002738                DMA1_Stream2_IRQHandler
                0x08002738                FPU_IRQHandler
                0x08002738                DMA2_Stream2_IRQHandler
                0x08002738                SPI1_IRQHandler
                0x08002738                TIM1_BRK_TIM9_IRQHandler
                0x08002738                DMA2_Stream3_IRQHandler
                0x08002738                USART6_IRQHandler
                0x08002738                DMA2_Stream0_IRQHandler
                0x08002738                I2C1_EV_IRQHandler
                0x08002738                DMA1_Stream6_IRQHandler
                0x08002738                DMA1_Stream1_IRQHandler
                0x08002738                TIM3_IRQHandler
                0x08002738                RCC_IRQHandler
                0x08002738                Default_Handler
                0x08002738                EXTI15_10_IRQHandler
                0x08002738                ADC_IRQHandler
                0x08002738                DMA1_Stream7_IRQHandler
                0x08002738                TIM5_IRQHandler
                0x08002738                DMA2_Stream7_IRQHandler
                0x08002738                I2C3_EV_IRQHandler
                0x08002738                EXTI9_5_IRQHandler
                0x08002738                RTC_WKUP_IRQHandler
                0x08002738                SPI2_IRQHandler
                0x08002738                DMA1_Stream0_IRQHandler
                0x08002738                EXTI4_IRQHandler
                0x08002738                WWDG_IRQHandler
                0x08002738                TIM2_IRQHandler
                0x08002738                OTG_FS_WKUP_IRQHandler
                0x08002738                TIM1_TRG_COM_TIM11_IRQHandler
                0x08002738                EXTI1_IRQHandler
                0x08002738                USART2_IRQHandler
                0x08002738                I2C2_ER_IRQHandler
                0x08002738                DMA2_Stream1_IRQHandler
                0x08002738                FLASH_IRQHandler
                0x08002738                DMA2_Stream4_IRQHandler
                0x08002738                USART1_IRQHandler
                0x08002738                OTG_FS_IRQHandler
                0x08002738                SPI3_IRQHandler
                0x08002738                DMA1_Stream4_IRQHandler
                0x08002738                I2C1_ER_IRQHandler
                0x08002738                DMA2_Stream6_IRQHandler
                0x08002738                DMA1_Stream3_IRQHandler
 *fill*         0x0800273a        0x2 
 .text.__errno  0x0800273c        0xc c:/program files (x86)/atollic/truestudio for stm32 9.3.0/armtools/bin/../lib/gcc/arm-atollic-eabi/6.3.1/../../../../arm-atollic-eabi/lib/armv7e-m/fpu\libc_nano.a(lib_a-errno.o)
                0x0800273c                __errno
 .text.__libc_init_array
                0x08002748       0x48 c:/program files (x86)/atollic/truestudio for stm32 9.3.0/armtools/bin/../lib/gcc/arm-atollic-eabi/6.3.1/../../../../arm-atollic-eabi/lib/armv7e-m/fpu\libc_nano.a(lib_a-init.o)
                0x08002748                __libc_init_array
 .text.memcpy   0x08002790       0x16 c:/program files (x86)/atollic/truestudio for stm32 9.3.0/armtools/bin/../lib/gcc/arm-atollic-eabi/6.3.1/../../../../arm-atollic-eabi/lib/armv7e-m/fpu\libc_nano.a(lib_a-memcpy-stub.o)
                0x08002790                memcpy
 .text.memset   0x080027a6       0x10 c:/program files (x86)/atollic/truestudio for stm32 9.3.0/armtools/bin/../lib/gcc/arm-atollic-eabi/6.3.1/../../../../arm-atollic-eabi/lib/armv7e-m/fpu\libc_nano.a(lib_a-memset.o)
                0x080027a6                memset
 *fill*         0x080027b6        0x2 
 .text.sprintf  0x080027b8       0x48 c:/program files (x86)/atollic/truestudio for stm32 9.3.0/armtools/bin/../lib/gcc/arm-atollic-eabi/6.3.1/../../../../arm-atollic-eabi/lib/armv7e-m/fpu\libc_nano.a(lib_a-sprintf.o)
                0x080027b8                siprintf
                0x080027b8                sprintf
 .text.strcpy   0x08002800       0x10 c:/program files (x86)/atollic/truestudio for stm32 9.3.0/armtools/bin/../lib/gcc/arm-atollic-eabi/6.3.1/../../../../arm-atollic-eabi/lib/armv7e-m/fpu\libc_nano.a(lib_a-strcpy.o)
                0x08002800                strcpy
 .text.__ssputs_r
                0x08002810       0xb6 c:/program files (x86)/atollic/truestudio for stm32 9.3.0/armtools/bin/../lib/gcc/arm-atollic-eabi/6.3.1/../../../../arm-atollic-eabi/lib/armv7e-m/fpu\libc_nano.a(lib_a-nano-svfprintf.o)
                0x08002810                __ssputs_r
 *fill*         0x080028c6        0x2 
 .text._svfprintf_r
                0x080028c8      0x1e8 c:/program files (x86)/atollic/truestudio for stm32 9.3.0/armtools/bin/../lib/gcc/arm-atollic-eabi/6.3.1/../../../../arm-atollic-eabi/lib/armv7e-m/fpu\libc_nano.a(lib_a-nano-svfprintf.o)
                0x080028c8                _svfiprintf_r
                0x080028c8                _svfprintf_r
 .text._printf_common
                0x08002ab0       0xec c:/program files (x86)/atollic/truestudio for stm32 9.3.0/armtools/bin/../lib/gcc/arm-atollic-eabi/6.3.1/../../../../arm-atollic-eabi/lib/armv7e-m/fpu\libc_nano.a(lib_a-nano-vfprintf_i.o)
                0x08002ab0                _printf_common
 .text._printf_i
                0x08002b9c      0x240 c:/program files (x86)/atollic/truestudio for stm32 9.3.0/armtools/bin/../lib/gcc/arm-atollic-eabi/6.3.1/../../../../arm-atollic-eabi/lib/armv7e-m/fpu\libc_nano.a(lib_a-nano-vfprintf_i.o)
                0x08002b9c                _printf_i
 .text.memmove  0x08002ddc       0x34 c:/program files (x86)/atollic/truestudio for stm32 9.3.0/armtools/bin/../lib/gcc/arm-atollic-eabi/6.3.1/../../../../arm-atollic-eabi/lib/armv7e-m/fpu\libc_nano.a(lib_a-memmove.o)
                0x08002ddc                memmove
 .text._free_r  0x08002e10       0x9c c:/program files (x86)/atollic/truestudio for stm32 9.3.0/armtools/bin/../lib/gcc/arm-atollic-eabi/6.3.1/../../../../arm-atollic-eabi/lib/armv7e-m/fpu\libc_nano.a(lib_a-nano-freer.o)
                0x08002e10                _free_r
 .text._malloc_r
                0x08002eac       0xbc c:/program files (x86)/atollic/truestudio for stm32 9.3.0/armtools/bin/../lib/gcc/arm-atollic-eabi/6.3.1/../../../../arm-atollic-eabi/lib/armv7e-m/fpu\libc_nano.a(lib_a-nano-mallocr.o)
                0x08002eac                _malloc_r
 .text._realloc_r
                0x08002f68       0x4c c:/program files (x86)/atollic/truestudio for stm32 9.3.0/armtools/bin/../lib/gcc/arm-atollic-eabi/6.3.1/../../../../arm-atollic-eabi/lib/armv7e-m/fpu\libc_nano.a(lib_a-nano-reallocr.o)
                0x08002f68                _realloc_r
 .text._sbrk_r  0x08002fb4       0x20 c:/program files (x86)/atollic/truestudio for stm32 9.3.0/armtools/bin/../lib/gcc/arm-atollic-eabi/6.3.1/../../../../arm-atollic-eabi/lib/armv7e-m/fpu\libc_nano.a(lib_a-sbrkr.o)
                0x08002fb4                _sbrk_r
 .text.__malloc_lock
                0x08002fd4        0x2 c:/program files (x86)/atollic/truestudio for stm32 9.3.0/armtools/bin/../lib/gcc/arm-atollic-eabi/6.3.1/../../../../arm-atollic-eabi/lib/armv7e-m/fpu\libc_nano.a(lib_a-mlock.o)
                0x08002fd4                __malloc_lock
 .text.__malloc_unlock
                0x08002fd6        0x2 c:/program files (x86)/atollic/truestudio for stm32 9.3.0/armtools/bin/../lib/gcc/arm-atollic-eabi/6.3.1/../../../../arm-atollic-eabi/lib/armv7e-m/fpu\libc_nano.a(lib_a-mlock.o)
                0x08002fd6                __malloc_unlock
 .text._malloc_usable_size_r
                0x08002fd8       0x12 c:/program files (x86)/atollic/truestudio for stm32 9.3.0/armtools/bin/../lib/gcc/arm-atollic-eabi/6.3.1/../../../../arm-atollic-eabi/lib/armv7e-m/fpu\libc_nano.a(lib_a-nano-msizer.o)
                0x08002fd8                _malloc_usable_size_r
 *(.glue_7)
 .glue_7        0x08002fea        0x0 linker stubs
 *(.glue_7t)
 .glue_7t       0x08002fea        0x0 linker stubs
 *(.eh_frame)
 *fill*         0x08002fea        0x2 
 .eh_frame      0x08002fec        0x0 c:/program files (x86)/atollic/truestudio for stm32 9.3.0/armtools/bin/../lib/gcc/arm-atollic-eabi/6.3.1/armv7e-m/fpu/crtbegin.o
 *(.init)
 .init          0x08002fec        0x4 c:/program files (x86)/atollic/truestudio for stm32 9.3.0/armtools/bin/../lib/gcc/arm-atollic-eabi/6.3.1/armv7e-m/fpu/crti.o
                0x08002fec                _init
 .init          0x08002ff0        0x8 c:/program files (x86)/atollic/truestudio for stm32 9.3.0/armtools/bin/../lib/gcc/arm-atollic-eabi/6.3.1/armv7e-m/fpu/crtn.o
 *(.fini)
 .fini          0x08002ff8        0x4 c:/program files (x86)/atollic/truestudio for stm32 9.3.0/armtools/bin/../lib/gcc/arm-atollic-eabi/6.3.1/armv7e-m/fpu/crti.o
                0x08002ff8                _fini
 .fini          0x08002ffc        0x8 c:/program files (x86)/atollic/truestudio for stm32 9.3.0/armtools/bin/../lib/gcc/arm-atollic-eabi/6.3.1/armv7e-m/fpu/crtn.o
                0x08003004                . = ALIGN (0x4)
                0x08003004                _etext = .

.vfp11_veneer   0x08003004        0x0
 .vfp11_veneer  0x08003004        0x0 linker stubs

.v4_bx          0x08003004        0x0
 .v4_bx         0x08003004        0x0 linker stubs

.iplt           0x08003004        0x0
 .iplt          0x08003004        0x0 c:/program files (x86)/atollic/truestudio for stm32 9.3.0/armtools/bin/../lib/gcc/arm-atollic-eabi/6.3.1/armv7e-m/fpu/crtbegin.o

.rodata         0x08003004       0xc4
                0x08003004                . = ALIGN (0x4)
 *(.rodata)
 .rodata        0x08003004       0x38 Src\main.o
 *(.rodata*)
 .rodata.vTaskStartScheduler.str1.1
                0x0800303c        0x5 Middlewares\Third_Party\FreeRTOS\Source\tasks.o
 .rodata.StartTask02.str1.1
                0x08003041       0x25 Src\main.o
 .rodata.str1.1
                0x08003066       0x15 Src\main.o
 .rodata.AHBPrescTable
                0x0800307b       0x10 Src\system_stm32f4xx.o
                0x0800307b                AHBPrescTable
 .rodata.APBPrescTable
                0x0800308b        0x8 Src\system_stm32f4xx.o
                0x0800308b                APBPrescTable
 .rodata._svfprintf_r.str1.1
                0x08003093       0x11 c:/program files (x86)/atollic/truestudio for stm32 9.3.0/armtools/bin/../lib/gcc/arm-atollic-eabi/6.3.1/../../../../arm-atollic-eabi/lib/armv7e-m/fpu\libc_nano.a(lib_a-nano-svfprintf.o)
 .rodata._printf_i.str1.1
                0x080030a4       0x22 c:/program files (x86)/atollic/truestudio for stm32 9.3.0/armtools/bin/../lib/gcc/arm-atollic-eabi/6.3.1/../../../../arm-atollic-eabi/lib/armv7e-m/fpu\libc_nano.a(lib_a-nano-vfprintf_i.o)
                0x080030c8                . = ALIGN (0x4)
 *fill*         0x080030c6        0x2 

.ARM.extab
 *(.ARM.extab* .gnu.linkonce.armextab.*)

.ARM            0x080030c8        0x8
                0x080030c8                __exidx_start = .
 *(.ARM.exidx*)
 .ARM.exidx     0x080030c8        0x8 c:/program files (x86)/atollic/truestudio for stm32 9.3.0/armtools/bin/../lib/gcc/arm-atollic-eabi/6.3.1/armv7e-m/fpu\libgcc.a(_udivmoddi4.o)
                0x080030d0                __exidx_end = .

.rel.dyn        0x080030d0        0x0
 .rel.iplt      0x080030d0        0x0 c:/program files (x86)/atollic/truestudio for stm32 9.3.0/armtools/bin/../lib/gcc/arm-atollic-eabi/6.3.1/armv7e-m/fpu/crtbegin.o

.preinit_array  0x080030d0        0x0
                0x080030d0                PROVIDE (__preinit_array_start, .)
 *(.preinit_array*)
                0x080030d0                PROVIDE (__preinit_array_end, .)

.init_array     0x080030d0        0x4
                0x080030d0                PROVIDE (__init_array_start, .)
 *(SORT(.init_array.*))
 *(.init_array*)
 .init_array    0x080030d0        0x4 c:/program files (x86)/atollic/truestudio for stm32 9.3.0/armtools/bin/../lib/gcc/arm-atollic-eabi/6.3.1/armv7e-m/fpu/crtbegin.o
                0x080030d4                PROVIDE (__init_array_end, .)

.fini_array     0x080030d4        0x4
                [!provide]                PROVIDE (__fini_array_start, .)
 *(SORT(.fini_array.*))
 *(.fini_array*)
 .fini_array    0x080030d4        0x4 c:/program files (x86)/atollic/truestudio for stm32 9.3.0/armtools/bin/../lib/gcc/arm-atollic-eabi/6.3.1/armv7e-m/fpu/crtbegin.o
                [!provide]                PROVIDE (__fini_array_end, .)
                0x080030d8                _sidata = LOADADDR (.data)

.data           0x20000000       0x74 load address 0x080030d8
                0x20000000                . = ALIGN (0x4)
                0x20000000                _sdata = .
 *(.data)
 *(.data*)
 .data.uwTickFreq
                0x20000000        0x1 Drivers\STM32F4xx_HAL_Driver\Src\stm32f4xx_hal.o
                0x20000000                uwTickFreq
 *fill*         0x20000001        0x3 
 .data.uwTickPrio
                0x20000004        0x4 Drivers\STM32F4xx_HAL_Driver\Src\stm32f4xx_hal.o
                0x20000004                uwTickPrio
 .data.uxCriticalNesting
                0x20000008        0x4 Middlewares\Third_Party\FreeRTOS\Source\portable\GCC\ARM_CM4F\port.o
 .data.SystemCoreClock
                0x2000000c        0x4 Src\system_stm32f4xx.o
                0x2000000c                SystemCoreClock
 .data._impure_ptr
                0x20000010        0x4 c:/program files (x86)/atollic/truestudio for stm32 9.3.0/armtools/bin/../lib/gcc/arm-atollic-eabi/6.3.1/../../../../arm-atollic-eabi/lib/armv7e-m/fpu\libc_nano.a(lib_a-impure.o)
                0x20000010                _impure_ptr
 .data.impure_data
                0x20000014       0x60 c:/program files (x86)/atollic/truestudio for stm32 9.3.0/armtools/bin/../lib/gcc/arm-atollic-eabi/6.3.1/../../../../arm-atollic-eabi/lib/armv7e-m/fpu\libc_nano.a(lib_a-impure.o)
                0x20000074                . = ALIGN (0x4)
                0x20000074                _edata = .
                0x0800314c                _siccmram = LOADADDR (.ccmram)

.igot.plt       0x20000074        0x0 load address 0x0800314c
 .igot.plt      0x20000074        0x0 c:/program files (x86)/atollic/truestudio for stm32 9.3.0/armtools/bin/../lib/gcc/arm-atollic-eabi/6.3.1/armv7e-m/fpu/crtbegin.o

.ccmram         0x10000000        0x0 load address 0x0800314c
                0x10000000                . = ALIGN (0x4)
                0x10000000                _sccmram = .
 *(.ccmram)
 *(.ccmram*)
                0x10000000                . = ALIGN (0x4)
                0x10000000                _eccmram = .
                0x10000000                . = ALIGN (0x4)

.bss            0x20000074     0x40a8
                0x20000074                _sbss = .
                0x20000074                __bss_start__ = _sbss
 *(.bss)
 .bss           0x20000074       0x1c c:/program files (x86)/atollic/truestudio for stm32 9.3.0/armtools/bin/../lib/gcc/arm-atollic-eabi/6.3.1/armv7e-m/fpu/crtbegin.o
 *(.bss*)
 .bss.ucMaxSysCallPriority
                0x20000090        0x1 Middlewares\Third_Party\FreeRTOS\Source\portable\GCC\ARM_CM4F\port.o
 *fill*         0x20000091        0x3 
 .bss.ulMaxPRIGROUPValue
                0x20000094        0x4 Middlewares\Third_Party\FreeRTOS\Source\portable\GCC\ARM_CM4F\port.o
 .bss.pxEnd     0x20000098        0x4 Middlewares\Third_Party\FreeRTOS\Source\portable\MemMang\heap_4.o
 .bss.ucHeap    0x2000009c     0x3c00 Middlewares\Third_Party\FreeRTOS\Source\portable\MemMang\heap_4.o
 .bss.xBlockAllocatedBit
                0x20003c9c        0x4 Middlewares\Third_Party\FreeRTOS\Source\portable\MemMang\heap_4.o
 .bss.xFreeBytesRemaining
                0x20003ca0        0x4 Middlewares\Third_Party\FreeRTOS\Source\portable\MemMang\heap_4.o
 .bss.xMinimumEverFreeBytesRemaining
                0x20003ca4        0x4 Middlewares\Third_Party\FreeRTOS\Source\portable\MemMang\heap_4.o
 .bss.xStart    0x20003ca8        0x8 Middlewares\Third_Party\FreeRTOS\Source\portable\MemMang\heap_4.o
 .bss.pxCurrentTCB
                0x20003cb0        0x4 Middlewares\Third_Party\FreeRTOS\Source\tasks.o
                0x20003cb0                pxCurrentTCB
 .bss.pxDelayedTaskList
                0x20003cb4        0x4 Middlewares\Third_Party\FreeRTOS\Source\tasks.o
 .bss.pxOverflowDelayedTaskList
                0x20003cb8        0x4 Middlewares\Third_Party\FreeRTOS\Source\tasks.o
 .bss.pxReadyTasksLists
                0x20003cbc       0x8c Middlewares\Third_Party\FreeRTOS\Source\tasks.o
 .bss.uxCurrentNumberOfTasks
                0x20003d48        0x4 Middlewares\Third_Party\FreeRTOS\Source\tasks.o
 .bss.uxDeletedTasksWaitingCleanUp
                0x20003d4c        0x4 Middlewares\Third_Party\FreeRTOS\Source\tasks.o
 .bss.uxPendedTicks
                0x20003d50        0x4 Middlewares\Third_Party\FreeRTOS\Source\tasks.o
 .bss.uxSchedulerSuspended
                0x20003d54        0x4 Middlewares\Third_Party\FreeRTOS\Source\tasks.o
 .bss.uxTaskNumber
                0x20003d58        0x4 Middlewares\Third_Party\FreeRTOS\Source\tasks.o
 .bss.uxTopReadyPriority
                0x20003d5c        0x4 Middlewares\Third_Party\FreeRTOS\Source\tasks.o
 .bss.xDelayedTaskList1
                0x20003d60       0x14 Middlewares\Third_Party\FreeRTOS\Source\tasks.o
 .bss.xDelayedTaskList2
                0x20003d74       0x14 Middlewares\Third_Party\FreeRTOS\Source\tasks.o
 .bss.xNextTaskUnblockTime
                0x20003d88        0x4 Middlewares\Third_Party\FreeRTOS\Source\tasks.o
 .bss.xNumOfOverflows
                0x20003d8c        0x4 Middlewares\Third_Party\FreeRTOS\Source\tasks.o
 .bss.xPendingReadyList
                0x20003d90       0x14 Middlewares\Third_Party\FreeRTOS\Source\tasks.o
 .bss.xSchedulerRunning
                0x20003da4        0x4 Middlewares\Third_Party\FreeRTOS\Source\tasks.o
 .bss.xSuspendedTaskList
                0x20003da8       0x14 Middlewares\Third_Party\FreeRTOS\Source\tasks.o
 .bss.xTasksWaitingTermination
                0x20003dbc       0x14 Middlewares\Third_Party\FreeRTOS\Source\tasks.o
 .bss.xTickCount
                0x20003dd0        0x4 Middlewares\Third_Party\FreeRTOS\Source\tasks.o
 .bss.xYieldPending
                0x20003dd4        0x4 Middlewares\Third_Party\FreeRTOS\Source\tasks.o
 .bss.xIdleStack
                0x20003dd8      0x200 Src\freertos.o
 .bss.xIdleTaskTCBBuffer
                0x20003fd8       0x54 Src\freertos.o
 .bss.Presence  0x2000402c        0x1 Src\main.o
                0x2000402c                Presence
 *fill*         0x2000402d        0x3 
 .bss.heap_end.7010
                0x20004030        0x4 Src\syscalls.o
 .bss.__malloc_free_list
                0x20004034        0x4 c:/program files (x86)/atollic/truestudio for stm32 9.3.0/armtools/bin/../lib/gcc/arm-atollic-eabi/6.3.1/../../../../arm-atollic-eabi/lib/armv7e-m/fpu\libc_nano.a(lib_a-nano-mallocr.o)
                0x20004034                __malloc_free_list
 .bss.__malloc_sbrk_start
                0x20004038        0x4 c:/program files (x86)/atollic/truestudio for stm32 9.3.0/armtools/bin/../lib/gcc/arm-atollic-eabi/6.3.1/../../../../arm-atollic-eabi/lib/armv7e-m/fpu\libc_nano.a(lib_a-nano-mallocr.o)
                0x20004038                __malloc_sbrk_start
 *(COMMON)
 COMMON         0x2000403c        0x4 Drivers\STM32F4xx_HAL_Driver\Src\stm32f4xx_hal.o
                0x2000403c                uwTick
 COMMON         0x20004040       0x97 Src\main.o
                0x20004040                defaultTaskHandle
                0x20004044                Rh_byte1
                0x20004046                RH
                0x20004048                htim5
                0x20004088                TEMP
                0x2000408a                Temp_byte1
                0x2000408c                myTask02Handle
                0x20004090                Rh_byte2
                0x20004094                huart2
                0x200040d4                SUM
                0x200040d6                Temp_byte2
 *fill*         0x200040d7        0x1 
 COMMON         0x200040d8       0x40 Src\stm32f4xx_hal_timebase_tim.o
                0x200040d8                htim4
 COMMON         0x20004118        0x4 c:/program files (x86)/atollic/truestudio for stm32 9.3.0/armtools/bin/../lib/gcc/arm-atollic-eabi/6.3.1/../../../../arm-atollic-eabi/lib/armv7e-m/fpu\libc_nano.a(lib_a-reent.o)
                0x20004118                errno
                0x2000411c                . = ALIGN (0x4)
                0x2000411c                _ebss = .
                0x2000411c                __bss_end__ = _ebss

._user_heap_stack
                0x2000411c      0x400
                0x2000411c                . = ALIGN (0x4)
                0x2000411c                PROVIDE (end, .)
                [!provide]                PROVIDE (_end, .)
                0x2000411c                . = (. + _Min_Heap_Size)
                0x2000451c                . = (. + _Min_Stack_Size)
 *fill*         0x2000411c      0x400 
                0x2000451c                . = ALIGN (0x4)

.memory_b1_text
 *(.mb1text)
 *(.mb1text*)
 *(.mb1rodata)
 *(.mb1rodata*)

/DISCARD/
 libc.a(*)
 libm.a(*)
 libgcc.a(*)

.ARM.attributes
                0x00000000       0x30
 *(.ARM.attributes)
 .ARM.attributes
                0x00000000       0x22 c:/program files (x86)/atollic/truestudio for stm32 9.3.0/armtools/bin/../lib/gcc/arm-atollic-eabi/6.3.1/armv7e-m/fpu/crti.o
 .ARM.attributes
                0x00000022       0x34 c:/program files (x86)/atollic/truestudio for stm32 9.3.0/armtools/bin/../lib/gcc/arm-atollic-eabi/6.3.1/armv7e-m/fpu/crtbegin.o
 .ARM.attributes
                0x00000056       0x39 Drivers\STM32F4xx_HAL_Driver\Src\stm32f4xx_hal.o
 .ARM.attributes
                0x0000008f       0x39 Drivers\STM32F4xx_HAL_Driver\Src\stm32f4xx_hal_cortex.o
 .ARM.attributes
                0x000000c8       0x39 Drivers\STM32F4xx_HAL_Driver\Src\stm32f4xx_hal_gpio.o
 .ARM.attributes
                0x00000101       0x39 Drivers\STM32F4xx_HAL_Driver\Src\stm32f4xx_hal_rcc.o
 .ARM.attributes
                0x0000013a       0x39 Drivers\STM32F4xx_HAL_Driver\Src\stm32f4xx_hal_tim.o
 .ARM.attributes
                0x00000173       0x39 Drivers\STM32F4xx_HAL_Driver\Src\stm32f4xx_hal_tim_ex.o
 .ARM.attributes
                0x000001ac       0x39 Drivers\STM32F4xx_HAL_Driver\Src\stm32f4xx_hal_uart.o
 .ARM.attributes
                0x000001e5       0x39 Middlewares\Third_Party\FreeRTOS\Source\CMSIS_RTOS\cmsis_os.o
 .ARM.attributes
                0x0000021e       0x39 Middlewares\Third_Party\FreeRTOS\Source\list.o
 .ARM.attributes
                0x00000257       0x39 Middlewares\Third_Party\FreeRTOS\Source\portable\GCC\ARM_CM4F\port.o
 .ARM.attributes
                0x00000290       0x39 Middlewares\Third_Party\FreeRTOS\Source\portable\MemMang\heap_4.o
 .ARM.attributes
                0x000002c9       0x39 Middlewares\Third_Party\FreeRTOS\Source\tasks.o
 .ARM.attributes
                0x00000302       0x39 Src\freertos.o
 .ARM.attributes
                0x0000033b       0x39 Src\main.o
 .ARM.attributes
                0x00000374       0x39 Src\stm32f4xx_hal_msp.o
 .ARM.attributes
                0x000003ad       0x39 Src\stm32f4xx_hal_timebase_tim.o
 .ARM.attributes
                0x000003e6       0x39 Src\stm32f4xx_it.o
 .ARM.attributes
                0x0000041f       0x39 Src\syscalls.o
 .ARM.attributes
                0x00000458       0x39 Src\system_stm32f4xx.o
 .ARM.attributes
                0x00000491       0x21 startup\startup_stm32f401xe.o
 .ARM.attributes
                0x000004b2       0x34 c:/program files (x86)/atollic/truestudio for stm32 9.3.0/armtools/bin/../lib/gcc/arm-atollic-eabi/6.3.1/../../../../arm-atollic-eabi/lib/armv7e-m/fpu\libc_nano.a(lib_a-errno.o)
 .ARM.attributes
                0x000004e6       0x34 c:/program files (x86)/atollic/truestudio for stm32 9.3.0/armtools/bin/../lib/gcc/arm-atollic-eabi/6.3.1/../../../../arm-atollic-eabi/lib/armv7e-m/fpu\libc_nano.a(lib_a-impure.o)
 .ARM.attributes
                0x0000051a       0x34 c:/program files (x86)/atollic/truestudio for stm32 9.3.0/armtools/bin/../lib/gcc/arm-atollic-eabi/6.3.1/../../../../arm-atollic-eabi/lib/armv7e-m/fpu\libc_nano.a(lib_a-init.o)
 .ARM.attributes
                0x0000054e       0x34 c:/program files (x86)/atollic/truestudio for stm32 9.3.0/armtools/bin/../lib/gcc/arm-atollic-eabi/6.3.1/../../../../arm-atollic-eabi/lib/armv7e-m/fpu\libc_nano.a(lib_a-memcpy-stub.o)
 .ARM.attributes
                0x00000582       0x34 c:/program files (x86)/atollic/truestudio for stm32 9.3.0/armtools/bin/../lib/gcc/arm-atollic-eabi/6.3.1/../../../../arm-atollic-eabi/lib/armv7e-m/fpu\libc_nano.a(lib_a-memset.o)
 .ARM.attributes
                0x000005b6       0x34 c:/program files (x86)/atollic/truestudio for stm32 9.3.0/armtools/bin/../lib/gcc/arm-atollic-eabi/6.3.1/../../../../arm-atollic-eabi/lib/armv7e-m/fpu\libc_nano.a(lib_a-sprintf.o)
 .ARM.attributes
                0x000005ea       0x34 c:/program files (x86)/atollic/truestudio for stm32 9.3.0/armtools/bin/../lib/gcc/arm-atollic-eabi/6.3.1/../../../../arm-atollic-eabi/lib/armv7e-m/fpu\libc_nano.a(lib_a-strcpy.o)
 .ARM.attributes
                0x0000061e       0x1b c:/program files (x86)/atollic/truestudio for stm32 9.3.0/armtools/bin/../lib/gcc/arm-atollic-eabi/6.3.1/../../../../arm-atollic-eabi/lib/armv7e-m/fpu\libc_nano.a(lib_a-strlen.o)
 .ARM.attributes
                0x00000639       0x34 c:/program files (x86)/atollic/truestudio for stm32 9.3.0/armtools/bin/../lib/gcc/arm-atollic-eabi/6.3.1/../../../../arm-atollic-eabi/lib/armv7e-m/fpu\libc_nano.a(lib_a-nano-svfprintf.o)
 .ARM.attributes
                0x0000066d       0x34 c:/program files (x86)/atollic/truestudio for stm32 9.3.0/armtools/bin/../lib/gcc/arm-atollic-eabi/6.3.1/../../../../arm-atollic-eabi/lib/armv7e-m/fpu\libc_nano.a(lib_a-nano-vfprintf_i.o)
 .ARM.attributes
                0x000006a1       0x20 c:/program files (x86)/atollic/truestudio for stm32 9.3.0/armtools/bin/../lib/gcc/arm-atollic-eabi/6.3.1/../../../../arm-atollic-eabi/lib/armv7e-m/fpu\libc_nano.a(lib_a-memchr.o)
 .ARM.attributes
                0x000006c1       0x34 c:/program files (x86)/atollic/truestudio for stm32 9.3.0/armtools/bin/../lib/gcc/arm-atollic-eabi/6.3.1/../../../../arm-atollic-eabi/lib/armv7e-m/fpu\libc_nano.a(lib_a-memmove.o)
 .ARM.attributes
                0x000006f5       0x34 c:/program files (x86)/atollic/truestudio for stm32 9.3.0/armtools/bin/../lib/gcc/arm-atollic-eabi/6.3.1/../../../../arm-atollic-eabi/lib/armv7e-m/fpu\libc_nano.a(lib_a-nano-freer.o)
 .ARM.attributes
                0x00000729       0x34 c:/program files (x86)/atollic/truestudio for stm32 9.3.0/armtools/bin/../lib/gcc/arm-atollic-eabi/6.3.1/../../../../arm-atollic-eabi/lib/armv7e-m/fpu\libc_nano.a(lib_a-nano-mallocr.o)
 .ARM.attributes
                0x0000075d       0x34 c:/program files (x86)/atollic/truestudio for stm32 9.3.0/armtools/bin/../lib/gcc/arm-atollic-eabi/6.3.1/../../../../arm-atollic-eabi/lib/armv7e-m/fpu\libc_nano.a(lib_a-nano-reallocr.o)
 .ARM.attributes
                0x00000791       0x34 c:/program files (x86)/atollic/truestudio for stm32 9.3.0/armtools/bin/../lib/gcc/arm-atollic-eabi/6.3.1/../../../../arm-atollic-eabi/lib/armv7e-m/fpu\libc_nano.a(lib_a-sbrkr.o)
 .ARM.attributes
                0x000007c5       0x34 c:/program files (x86)/atollic/truestudio for stm32 9.3.0/armtools/bin/../lib/gcc/arm-atollic-eabi/6.3.1/../../../../arm-atollic-eabi/lib/armv7e-m/fpu\libc_nano.a(lib_a-mlock.o)
 .ARM.attributes
                0x000007f9       0x34 c:/program files (x86)/atollic/truestudio for stm32 9.3.0/armtools/bin/../lib/gcc/arm-atollic-eabi/6.3.1/../../../../arm-atollic-eabi/lib/armv7e-m/fpu\libc_nano.a(lib_a-nano-msizer.o)
 .ARM.attributes
                0x0000082d       0x34 c:/program files (x86)/atollic/truestudio for stm32 9.3.0/armtools/bin/../lib/gcc/arm-atollic-eabi/6.3.1/../../../../arm-atollic-eabi/lib/armv7e-m/fpu\libc_nano.a(lib_a-reent.o)
 .ARM.attributes
                0x00000861       0x22 c:/program files (x86)/atollic/truestudio for stm32 9.3.0/armtools/bin/../lib/gcc/arm-atollic-eabi/6.3.1/armv7e-m/fpu\libgcc.a(_aeabi_uldivmod.o)
 .ARM.attributes
                0x00000883       0x34 c:/program files (x86)/atollic/truestudio for stm32 9.3.0/armtools/bin/../lib/gcc/arm-atollic-eabi/6.3.1/armv7e-m/fpu\libgcc.a(_udivmoddi4.o)
 .ARM.attributes
                0x000008b7       0x22 c:/program files (x86)/atollic/truestudio for stm32 9.3.0/armtools/bin/../lib/gcc/arm-atollic-eabi/6.3.1/armv7e-m/fpu\libgcc.a(_dvmd_tls.o)
 .ARM.attributes
                0x000008d9       0x22 c:/program files (x86)/atollic/truestudio for stm32 9.3.0/armtools/bin/../lib/gcc/arm-atollic-eabi/6.3.1/armv7e-m/fpu/crtn.o
OUTPUT(dht11-rtos-401.elf elf32-littlearm)

.debug_info     0x00000000    0x15321
 .debug_info    0x00000000      0x9a2 Drivers\STM32F4xx_HAL_Driver\Src\stm32f4xx_hal.o
 .debug_info    0x000009a2      0xef4 Drivers\STM32F4xx_HAL_Driver\Src\stm32f4xx_hal_cortex.o
 .debug_info    0x00001896      0x7ed Drivers\STM32F4xx_HAL_Driver\Src\stm32f4xx_hal_gpio.o
 .debug_info    0x00002083      0xad7 Drivers\STM32F4xx_HAL_Driver\Src\stm32f4xx_hal_rcc.o
 .debug_info    0x00002b5a     0x3519 Drivers\STM32F4xx_HAL_Driver\Src\stm32f4xx_hal_tim.o
 .debug_info    0x00006073     0x1347 Drivers\STM32F4xx_HAL_Driver\Src\stm32f4xx_hal_tim_ex.o
 .debug_info    0x000073ba     0x16a8 Drivers\STM32F4xx_HAL_Driver\Src\stm32f4xx_hal_uart.o
 .debug_info    0x00008a62     0x293d Middlewares\Third_Party\FreeRTOS\Source\CMSIS_RTOS\cmsis_os.o
 .debug_info    0x0000b39f      0xac5 Middlewares\Third_Party\FreeRTOS\Source\list.o
 .debug_info    0x0000be64      0x572 Middlewares\Third_Party\FreeRTOS\Source\portable\GCC\ARM_CM4F\port.o
 .debug_info    0x0000c3d6      0xca5 Middlewares\Third_Party\FreeRTOS\Source\portable\MemMang\heap_4.o
 .debug_info    0x0000d07b     0x2e2d Middlewares\Third_Party\FreeRTOS\Source\tasks.o
 .debug_info    0x0000fea8      0x343 Src\freertos.o
 .debug_info    0x000101eb     0x1a9b Src\main.o
 .debug_info    0x00011c86      0xe5d Src\stm32f4xx_hal_msp.o
 .debug_info    0x00012ae3      0xb7d Src\stm32f4xx_hal_timebase_tim.o
 .debug_info    0x00013660      0x6cb Src\stm32f4xx_it.o
 .debug_info    0x00013d2b      0xfe1 Src\syscalls.o
 .debug_info    0x00014d0c      0x585 Src\system_stm32f4xx.o
 .debug_info    0x00015291       0x90 startup\startup_stm32f401xe.o

.debug_abbrev   0x00000000     0x3125
 .debug_abbrev  0x00000000      0x264 Drivers\STM32F4xx_HAL_Driver\Src\stm32f4xx_hal.o
 .debug_abbrev  0x00000264      0x314 Drivers\STM32F4xx_HAL_Driver\Src\stm32f4xx_hal_cortex.o
 .debug_abbrev  0x00000578      0x1ef Drivers\STM32F4xx_HAL_Driver\Src\stm32f4xx_hal_gpio.o
 .debug_abbrev  0x00000767      0x2cb Drivers\STM32F4xx_HAL_Driver\Src\stm32f4xx_hal_rcc.o
 .debug_abbrev  0x00000a32      0x333 Drivers\STM32F4xx_HAL_Driver\Src\stm32f4xx_hal_tim.o
 .debug_abbrev  0x00000d65      0x2ab Drivers\STM32F4xx_HAL_Driver\Src\stm32f4xx_hal_tim_ex.o
 .debug_abbrev  0x00001010      0x322 Drivers\STM32F4xx_HAL_Driver\Src\stm32f4xx_hal_uart.o
 .debug_abbrev  0x00001332      0x457 Middlewares\Third_Party\FreeRTOS\Source\CMSIS_RTOS\cmsis_os.o
 .debug_abbrev  0x00001789      0x1ea Middlewares\Third_Party\FreeRTOS\Source\list.o
 .debug_abbrev  0x00001973      0x23a Middlewares\Third_Party\FreeRTOS\Source\portable\GCC\ARM_CM4F\port.o
 .debug_abbrev  0x00001bad      0x314 Middlewares\Third_Party\FreeRTOS\Source\portable\MemMang\heap_4.o
 .debug_abbrev  0x00001ec1      0x42a Middlewares\Third_Party\FreeRTOS\Source\tasks.o
 .debug_abbrev  0x000022eb      0x104 Src\freertos.o
 .debug_abbrev  0x000023ef      0x37c Src\main.o
 .debug_abbrev  0x0000276b      0x200 Src\stm32f4xx_hal_msp.o
 .debug_abbrev  0x0000296b      0x1f6 Src\stm32f4xx_hal_timebase_tim.o
 .debug_abbrev  0x00002b61      0x1b3 Src\stm32f4xx_it.o
 .debug_abbrev  0x00002d14      0x2d9 Src\syscalls.o
 .debug_abbrev  0x00002fed      0x126 Src\system_stm32f4xx.o
 .debug_abbrev  0x00003113       0x12 startup\startup_stm32f401xe.o

.debug_loc      0x00000000     0x8a9a
 .debug_loc     0x00000000      0x12e Drivers\STM32F4xx_HAL_Driver\Src\stm32f4xx_hal.o
 .debug_loc     0x0000012e      0x4fb Drivers\STM32F4xx_HAL_Driver\Src\stm32f4xx_hal_cortex.o
 .debug_loc     0x00000629      0x337 Drivers\STM32F4xx_HAL_Driver\Src\stm32f4xx_hal_gpio.o
 .debug_loc     0x00000960      0x346 Drivers\STM32F4xx_HAL_Driver\Src\stm32f4xx_hal_rcc.o
 .debug_loc     0x00000ca6     0x2f57 Drivers\STM32F4xx_HAL_Driver\Src\stm32f4xx_hal_tim.o
 .debug_loc     0x00003bfd      0xa7c Drivers\STM32F4xx_HAL_Driver\Src\stm32f4xx_hal_tim_ex.o
 .debug_loc     0x00004679     0x1350 Drivers\STM32F4xx_HAL_Driver\Src\stm32f4xx_hal_uart.o
 .debug_loc     0x000059c9     0x101b Middlewares\Third_Party\FreeRTOS\Source\CMSIS_RTOS\cmsis_os.o
 .debug_loc     0x000069e4       0x94 Middlewares\Third_Party\FreeRTOS\Source\list.o
 .debug_loc     0x00006a78       0xcf Middlewares\Third_Party\FreeRTOS\Source\portable\GCC\ARM_CM4F\port.o
 .debug_loc     0x00006b47      0x390 Middlewares\Third_Party\FreeRTOS\Source\portable\MemMang\heap_4.o
 .debug_loc     0x00006ed7     0x146e Middlewares\Third_Party\FreeRTOS\Source\tasks.o
 .debug_loc     0x00008345      0x14d Src\main.o
 .debug_loc     0x00008492       0x58 Src\stm32f4xx_hal_msp.o
 .debug_loc     0x000084ea       0xa5 Src\stm32f4xx_hal_timebase_tim.o
 .debug_loc     0x0000858f      0x3ef Src\syscalls.o
 .debug_loc     0x0000897e      0x11c Src\system_stm32f4xx.o

.debug_aranges  0x00000000      0xdd0
 .debug_aranges
                0x00000000       0xe8 Drivers\STM32F4xx_HAL_Driver\Src\stm32f4xx_hal.o
 .debug_aranges
                0x000000e8       0xa8 Drivers\STM32F4xx_HAL_Driver\Src\stm32f4xx_hal_cortex.o
 .debug_aranges
                0x00000190       0x58 Drivers\STM32F4xx_HAL_Driver\Src\stm32f4xx_hal_gpio.o
 .debug_aranges
                0x000001e8       0x88 Drivers\STM32F4xx_HAL_Driver\Src\stm32f4xx_hal_rcc.o
 .debug_aranges
                0x00000270      0x278 Drivers\STM32F4xx_HAL_Driver\Src\stm32f4xx_hal_tim.o
 .debug_aranges
                0x000004e8       0xf8 Drivers\STM32F4xx_HAL_Driver\Src\stm32f4xx_hal_tim_ex.o
 .debug_aranges
                0x000005e0      0x170 Drivers\STM32F4xx_HAL_Driver\Src\stm32f4xx_hal_uart.o
 .debug_aranges
                0x00000750      0x190 Middlewares\Third_Party\FreeRTOS\Source\CMSIS_RTOS\cmsis_os.o
 .debug_aranges
                0x000008e0       0x40 Middlewares\Third_Party\FreeRTOS\Source\list.o
 .debug_aranges
                0x00000920       0x80 Middlewares\Third_Party\FreeRTOS\Source\portable\GCC\ARM_CM4F\port.o
 .debug_aranges
                0x000009a0       0x48 Middlewares\Third_Party\FreeRTOS\Source\portable\MemMang\heap_4.o
 .debug_aranges
                0x000009e8      0x198 Middlewares\Third_Party\FreeRTOS\Source\tasks.o
 .debug_aranges
                0x00000b80       0x20 Src\freertos.o
 .debug_aranges
                0x00000ba0       0x78 Src\main.o
 .debug_aranges
                0x00000c18       0x40 Src\stm32f4xx_hal_msp.o
 .debug_aranges
                0x00000c58       0x30 Src\stm32f4xx_hal_timebase_tim.o
 .debug_aranges
                0x00000c88       0x48 Src\stm32f4xx_it.o
 .debug_aranges
                0x00000cd0       0xb0 Src\syscalls.o
 .debug_aranges
                0x00000d80       0x28 Src\system_stm32f4xx.o
 .debug_aranges
                0x00000da8       0x28 startup\startup_stm32f401xe.o

.debug_ranges   0x00000000     0x1050
 .debug_ranges  0x00000000       0xd8 Drivers\STM32F4xx_HAL_Driver\Src\stm32f4xx_hal.o
 .debug_ranges  0x000000d8      0x128 Drivers\STM32F4xx_HAL_Driver\Src\stm32f4xx_hal_cortex.o
 .debug_ranges  0x00000200       0x68 Drivers\STM32F4xx_HAL_Driver\Src\stm32f4xx_hal_gpio.o
 .debug_ranges  0x00000268       0xb0 Drivers\STM32F4xx_HAL_Driver\Src\stm32f4xx_hal_rcc.o
 .debug_ranges  0x00000318      0x340 Drivers\STM32F4xx_HAL_Driver\Src\stm32f4xx_hal_tim.o
 .debug_ranges  0x00000658       0xe8 Drivers\STM32F4xx_HAL_Driver\Src\stm32f4xx_hal_tim_ex.o
 .debug_ranges  0x00000740      0x178 Drivers\STM32F4xx_HAL_Driver\Src\stm32f4xx_hal_uart.o
 .debug_ranges  0x000008b8      0x180 Middlewares\Third_Party\FreeRTOS\Source\CMSIS_RTOS\cmsis_os.o
 .debug_ranges  0x00000a38       0x30 Middlewares\Third_Party\FreeRTOS\Source\list.o
 .debug_ranges  0x00000a68       0x70 Middlewares\Third_Party\FreeRTOS\Source\portable\GCC\ARM_CM4F\port.o
 .debug_ranges  0x00000ad8       0x38 Middlewares\Third_Party\FreeRTOS\Source\portable\MemMang\heap_4.o
 .debug_ranges  0x00000b10      0x248 Middlewares\Third_Party\FreeRTOS\Source\tasks.o
 .debug_ranges  0x00000d58       0x10 Src\freertos.o
 .debug_ranges  0x00000d68      0x138 Src\main.o
 .debug_ranges  0x00000ea0       0x60 Src\stm32f4xx_hal_msp.o
 .debug_ranges  0x00000f00       0x40 Src\stm32f4xx_hal_timebase_tim.o
 .debug_ranges  0x00000f40       0x38 Src\stm32f4xx_it.o
 .debug_ranges  0x00000f78       0xa0 Src\syscalls.o
 .debug_ranges  0x00001018       0x18 Src\system_stm32f4xx.o
 .debug_ranges  0x00001030       0x20 startup\startup_stm32f401xe.o

.debug_line     0x00000000     0x6b0b
 .debug_line    0x00000000      0x420 Drivers\STM32F4xx_HAL_Driver\Src\stm32f4xx_hal.o
 .debug_line    0x00000420      0x469 Drivers\STM32F4xx_HAL_Driver\Src\stm32f4xx_hal_cortex.o
 .debug_line    0x00000889      0x3d8 Drivers\STM32F4xx_HAL_Driver\Src\stm32f4xx_hal_gpio.o
 .debug_line    0x00000c61      0x51a Drivers\STM32F4xx_HAL_Driver\Src\stm32f4xx_hal_rcc.o
 .debug_line    0x0000117b     0x10df Drivers\STM32F4xx_HAL_Driver\Src\stm32f4xx_hal_tim.o
 .debug_line    0x0000225a      0x6aa Drivers\STM32F4xx_HAL_Driver\Src\stm32f4xx_hal_tim_ex.o
 .debug_line    0x00002904      0xb95 Drivers\STM32F4xx_HAL_Driver\Src\stm32f4xx_hal_uart.o
 .debug_line    0x00003499      0x8f8 Middlewares\Third_Party\FreeRTOS\Source\CMSIS_RTOS\cmsis_os.o
 .debug_line    0x00003d91      0x367 Middlewares\Third_Party\FreeRTOS\Source\list.o
 .debug_line    0x000040f8      0x36b Middlewares\Third_Party\FreeRTOS\Source\portable\GCC\ARM_CM4F\port.o
 .debug_line    0x00004463      0x415 Middlewares\Third_Party\FreeRTOS\Source\portable\MemMang\heap_4.o
 .debug_line    0x00004878      0xc77 Middlewares\Third_Party\FreeRTOS\Source\tasks.o
 .debug_line    0x000054ef      0x276 Src\freertos.o
 .debug_line    0x00005765      0x574 Src\main.o
 .debug_line    0x00005cd9      0x2d5 Src\stm32f4xx_hal_msp.o
 .debug_line    0x00005fae      0x2a3 Src\stm32f4xx_hal_timebase_tim.o
 .debug_line    0x00006251      0x273 Src\stm32f4xx_it.o
 .debug_line    0x000064c4      0x3bb Src\syscalls.o
 .debug_line    0x0000687f      0x20d Src\system_stm32f4xx.o
 .debug_line    0x00006a8c       0x7f startup\startup_stm32f401xe.o

.debug_str      0x00000000     0x5714
 .debug_str     0x00000000      0xa1c Drivers\STM32F4xx_HAL_Driver\Src\stm32f4xx_hal.o
                                0xa8a (size before relaxing)
 .debug_str     0x00000a1c      0x498 Drivers\STM32F4xx_HAL_Driver\Src\stm32f4xx_hal_cortex.o
                                0xbb7 (size before relaxing)
 .debug_str     0x00000eb4      0x1de Drivers\STM32F4xx_HAL_Driver\Src\stm32f4xx_hal_gpio.o
                                0x5f1 (size before relaxing)
 .debug_str     0x00001092      0x2f4 Drivers\STM32F4xx_HAL_Driver\Src\stm32f4xx_hal_rcc.o
                                0x7cf (size before relaxing)
 .debug_str     0x00001386     0x1236 Drivers\STM32F4xx_HAL_Driver\Src\stm32f4xx_hal_tim.o
                               0x15bc (size before relaxing)
 .debug_str     0x000025bc      0x548 Drivers\STM32F4xx_HAL_Driver\Src\stm32f4xx_hal_tim_ex.o
                                0xdd4 (size before relaxing)
 .debug_str     0x00002b04      0x6fc Drivers\STM32F4xx_HAL_Driver\Src\stm32f4xx_hal_uart.o
                                0xd20 (size before relaxing)
 .debug_str     0x00003200     0x112a Middlewares\Third_Party\FreeRTOS\Source\CMSIS_RTOS\cmsis_os.o
                               0x1462 (size before relaxing)
 .debug_str     0x0000432a      0x143 Middlewares\Third_Party\FreeRTOS\Source\list.o
                                0x76b (size before relaxing)
 .debug_str     0x0000446d      0x239 Middlewares\Third_Party\FreeRTOS\Source\portable\GCC\ARM_CM4F\port.o
                                0x4b1 (size before relaxing)
 .debug_str     0x000046a6      0x1e1 Middlewares\Third_Party\FreeRTOS\Source\portable\MemMang\heap_4.o
                                0x854 (size before relaxing)
 .debug_str     0x00004887      0x8f9 Middlewares\Third_Party\FreeRTOS\Source\tasks.o
                               0x143f (size before relaxing)
 .debug_str     0x00005180       0x5e Src\freertos.o
                                0x409 (size before relaxing)
 .debug_str     0x000051de      0x1a5 Src\main.o
                               0x10f3 (size before relaxing)
 .debug_str     0x00005383       0x25 Src\stm32f4xx_hal_msp.o
                                0xe4a (size before relaxing)
 .debug_str     0x000053a8       0x50 Src\stm32f4xx_hal_timebase_tim.o
                                0xcfa (size before relaxing)
 .debug_str     0x000053f8       0x8b Src\stm32f4xx_it.o
                                0x765 (size before relaxing)
 .debug_str     0x00005483      0x24c Src\syscalls.o
                                0x892 (size before relaxing)
 .debug_str     0x000056cf       0x45 Src\system_stm32f4xx.o
                                0x455 (size before relaxing)

.comment        0x00000000       0x7c
 .comment       0x00000000       0x7c Drivers\STM32F4xx_HAL_Driver\Src\stm32f4xx_hal.o
                                 0x7d (size before relaxing)
 .comment       0x0000007c       0x7d Drivers\STM32F4xx_HAL_Driver\Src\stm32f4xx_hal_cortex.o
 .comment       0x0000007c       0x7d Drivers\STM32F4xx_HAL_Driver\Src\stm32f4xx_hal_gpio.o
 .comment       0x0000007c       0x7d Drivers\STM32F4xx_HAL_Driver\Src\stm32f4xx_hal_rcc.o
 .comment       0x0000007c       0x7d Drivers\STM32F4xx_HAL_Driver\Src\stm32f4xx_hal_tim.o
 .comment       0x0000007c       0x7d Drivers\STM32F4xx_HAL_Driver\Src\stm32f4xx_hal_tim_ex.o
 .comment       0x0000007c       0x7d Drivers\STM32F4xx_HAL_Driver\Src\stm32f4xx_hal_uart.o
 .comment       0x0000007c       0x7d Middlewares\Third_Party\FreeRTOS\Source\CMSIS_RTOS\cmsis_os.o
 .comment       0x0000007c       0x7d Middlewares\Third_Party\FreeRTOS\Source\list.o
 .comment       0x0000007c       0x7d Middlewares\Third_Party\FreeRTOS\Source\portable\GCC\ARM_CM4F\port.o
 .comment       0x0000007c       0x7d Middlewares\Third_Party\FreeRTOS\Source\portable\MemMang\heap_4.o
 .comment       0x0000007c       0x7d Middlewares\Third_Party\FreeRTOS\Source\tasks.o
 .comment       0x0000007c       0x7d Src\freertos.o
 .comment       0x0000007c       0x7d Src\main.o
 .comment       0x0000007c       0x7d Src\stm32f4xx_hal_msp.o
 .comment       0x0000007c       0x7d Src\stm32f4xx_hal_timebase_tim.o
 .comment       0x0000007c       0x7d Src\stm32f4xx_it.o
 .comment       0x0000007c       0x7d Src\syscalls.o
 .comment       0x0000007c       0x7d Src\system_stm32f4xx.o

.debug_frame    0x00000000     0x2b74
 .debug_frame   0x00000000      0x1f4 Drivers\STM32F4xx_HAL_Driver\Src\stm32f4xx_hal.o
 .debug_frame   0x000001f4      0x158 Drivers\STM32F4xx_HAL_Driver\Src\stm32f4xx_hal_cortex.o
 .debug_frame   0x0000034c       0xd8 Drivers\STM32F4xx_HAL_Driver\Src\stm32f4xx_hal_gpio.o
 .debug_frame   0x00000424      0x13c Drivers\STM32F4xx_HAL_Driver\Src\stm32f4xx_hal_rcc.o
 .debug_frame   0x00000560      0x928 Drivers\STM32F4xx_HAL_Driver\Src\stm32f4xx_hal_tim.o
 .debug_frame   0x00000e88      0x360 Drivers\STM32F4xx_HAL_Driver\Src\stm32f4xx_hal_tim_ex.o
 .debug_frame   0x000011e8      0x4a0 Drivers\STM32F4xx_HAL_Driver\Src\stm32f4xx_hal_uart.o
 .debug_frame   0x00001688      0x4f4 Middlewares\Third_Party\FreeRTOS\Source\CMSIS_RTOS\cmsis_os.o
 .debug_frame   0x00001b7c       0x6c Middlewares\Third_Party\FreeRTOS\Source\list.o
 .debug_frame   0x00001be8       0xfc Middlewares\Third_Party\FreeRTOS\Source\portable\GCC\ARM_CM4F\port.o
 .debug_frame   0x00001ce4       0x98 Middlewares\Third_Party\FreeRTOS\Source\portable\MemMang\heap_4.o
 .debug_frame   0x00001d7c      0x54c Middlewares\Third_Party\FreeRTOS\Source\tasks.o
 .debug_frame   0x000022c8       0x20 Src\freertos.o
 .debug_frame   0x000022e8      0x144 Src\main.o
 .debug_frame   0x0000242c       0x80 Src\stm32f4xx_hal_msp.o
 .debug_frame   0x000024ac       0x54 Src\stm32f4xx_hal_timebase_tim.o
 .debug_frame   0x00002500       0x80 Src\stm32f4xx_it.o
 .debug_frame   0x00002580      0x1a8 Src\syscalls.o
 .debug_frame   0x00002728       0x38 Src\system_stm32f4xx.o
 .debug_frame   0x00002760       0x20 c:/program files (x86)/atollic/truestudio for stm32 9.3.0/armtools/bin/../lib/gcc/arm-atollic-eabi/6.3.1/../../../../arm-atollic-eabi/lib/armv7e-m/fpu\libc_nano.a(lib_a-errno.o)
 .debug_frame   0x00002780       0x2c c:/program files (x86)/atollic/truestudio for stm32 9.3.0/armtools/bin/../lib/gcc/arm-atollic-eabi/6.3.1/../../../../arm-atollic-eabi/lib/armv7e-m/fpu\libc_nano.a(lib_a-init.o)
 .debug_frame   0x000027ac       0x28 c:/program files (x86)/atollic/truestudio for stm32 9.3.0/armtools/bin/../lib/gcc/arm-atollic-eabi/6.3.1/../../../../arm-atollic-eabi/lib/armv7e-m/fpu\libc_nano.a(lib_a-memcpy-stub.o)
 .debug_frame   0x000027d4       0x20 c:/program files (x86)/atollic/truestudio for stm32 9.3.0/armtools/bin/../lib/gcc/arm-atollic-eabi/6.3.1/../../../../arm-atollic-eabi/lib/armv7e-m/fpu\libc_nano.a(lib_a-memset.o)
 .debug_frame   0x000027f4       0x70 c:/program files (x86)/atollic/truestudio for stm32 9.3.0/armtools/bin/../lib/gcc/arm-atollic-eabi/6.3.1/../../../../arm-atollic-eabi/lib/armv7e-m/fpu\libc_nano.a(lib_a-sprintf.o)
 .debug_frame   0x00002864       0x20 c:/program files (x86)/atollic/truestudio for stm32 9.3.0/armtools/bin/../lib/gcc/arm-atollic-eabi/6.3.1/../../../../arm-atollic-eabi/lib/armv7e-m/fpu\libc_nano.a(lib_a-strcpy.o)
 .debug_frame   0x00002884       0x90 c:/program files (x86)/atollic/truestudio for stm32 9.3.0/armtools/bin/../lib/gcc/arm-atollic-eabi/6.3.1/../../../../arm-atollic-eabi/lib/armv7e-m/fpu\libc_nano.a(lib_a-nano-svfprintf.o)
 .debug_frame   0x00002914       0x60 c:/program files (x86)/atollic/truestudio for stm32 9.3.0/armtools/bin/../lib/gcc/arm-atollic-eabi/6.3.1/../../../../arm-atollic-eabi/lib/armv7e-m/fpu\libc_nano.a(lib_a-nano-vfprintf_i.o)
 .debug_frame   0x00002974       0x28 c:/program files (x86)/atollic/truestudio for stm32 9.3.0/armtools/bin/../lib/gcc/arm-atollic-eabi/6.3.1/../../../../arm-atollic-eabi/lib/armv7e-m/fpu\libc_nano.a(lib_a-memmove.o)
 .debug_frame   0x0000299c       0x38 c:/program files (x86)/atollic/truestudio for stm32 9.3.0/armtools/bin/../lib/gcc/arm-atollic-eabi/6.3.1/../../../../arm-atollic-eabi/lib/armv7e-m/fpu\libc_nano.a(lib_a-nano-freer.o)
 .debug_frame   0x000029d4       0x2c c:/program files (x86)/atollic/truestudio for stm32 9.3.0/armtools/bin/../lib/gcc/arm-atollic-eabi/6.3.1/../../../../arm-atollic-eabi/lib/armv7e-m/fpu\libc_nano.a(lib_a-nano-mallocr.o)
 .debug_frame   0x00002a00       0x3c c:/program files (x86)/atollic/truestudio for stm32 9.3.0/armtools/bin/../lib/gcc/arm-atollic-eabi/6.3.1/../../../../arm-atollic-eabi/lib/armv7e-m/fpu\libc_nano.a(lib_a-nano-reallocr.o)
 .debug_frame   0x00002a3c       0x2c c:/program files (x86)/atollic/truestudio for stm32 9.3.0/armtools/bin/../lib/gcc/arm-atollic-eabi/6.3.1/../../../../arm-atollic-eabi/lib/armv7e-m/fpu\libc_nano.a(lib_a-sbrkr.o)
 .debug_frame   0x00002a68       0x30 c:/program files (x86)/atollic/truestudio for stm32 9.3.0/armtools/bin/../lib/gcc/arm-atollic-eabi/6.3.1/../../../../arm-atollic-eabi/lib/armv7e-m/fpu\libc_nano.a(lib_a-mlock.o)
 .debug_frame   0x00002a98       0x20 c:/program files (x86)/atollic/truestudio for stm32 9.3.0/armtools/bin/../lib/gcc/arm-atollic-eabi/6.3.1/../../../../arm-atollic-eabi/lib/armv7e-m/fpu\libc_nano.a(lib_a-nano-msizer.o)
 .debug_frame   0x00002ab8       0x5c c:/program files (x86)/atollic/truestudio for stm32 9.3.0/armtools/bin/../lib/gcc/arm-atollic-eabi/6.3.1/../../../../arm-atollic-eabi/lib/armv7e-m/fpu\libc_nano.a(lib_a-reent.o)
 .debug_frame   0x00002b14       0x2c c:/program files (x86)/atollic/truestudio for stm32 9.3.0/armtools/bin/../lib/gcc/arm-atollic-eabi/6.3.1/armv7e-m/fpu\libgcc.a(_aeabi_uldivmod.o)
 .debug_frame   0x00002b40       0x34 c:/program files (x86)/atollic/truestudio for stm32 9.3.0/armtools/bin/../lib/gcc/arm-atollic-eabi/6.3.1/armv7e-m/fpu\libgcc.a(_udivmoddi4.o)
